// Jest Snapshot v1, https://goo.gl/fbAQLP

exports[`Progress should render correctly 1`] = `
<div
  className="spinner"
>
  <div
    className="spinner__box"
  >
    <CircularProgress
      color="#485"
      max={100}
      min={0}
      mode="indeterminate"
      size={60}
      thickness={3.5}
      value={0}
    />
  </div>
</div>
`;
