// Jest Snapshot v1, https://goo.gl/fbAQLP

exports[`WeatherContainer should render correctly 1`] = `
<div
  className="weather"
>
  <div
    className="weather__header flex"
  >
    <DayTime
      caption=""
      error={false}
    />
    <WeatherStatus
      icon="pe-is-w-moon-2"
      status="Weather Status"
    />
  </div>
  <div
    className="weather__footer flex"
  >
    <Temperature
      temp={0}
    />
    <Details
      details={
        Object {
          "humidity": 0,
          "pressure": 0,
          "speed": 0,
          "temp": 0,
          "temp_max": 0,
          "temp_min": 0,
        }
      }
    />
  </div>
</div>
`;
